// Jest Snapshot v1, https://goo.gl/fbAQLP

exports[`IO tests should match snapshot 1`] = `
Object {
  "name": "someone",
  "password": "secret",
}
`;
