// Jest Snapshot v1, https://goo.gl/fbAQLP

exports[`Mixed Passing and Failing Tests Snapshot differences should fail with a snapshot difference 1`] = `
"{
  \\"name\\": \\"ein\\",
  \\"breed\\": \\"corgi\\",
  \\"height\\": 1,
  \\"color\\": \\"brown and white\\"
}"
`;

exports[`Mixed Passing and Failing Tests Snapshot tests should fail with a snapshot difference 1`] = `
"{
  \\"name\\": \\"ein\\",
  \\"breed\\": \\"corgi\\",
  \\"height\\": 1,
  \\"color\\": \\"brown and white\\"
}"
`;

exports[`Mixed Passing and Failing Tests Snapshot tests should pass a snapshot error comparison 1`] = `"Error stays the same"`;
