// Jest Snapshot v1, https://goo.gl/fbAQLP

exports[`Snapshot tests should add a snapshot 1`] = `
Object {
  "snapshot": "new",
}
`;
