// Jest Snapshot v1, https://goo.gl/fbAQLP

exports[`Processor tests should pretend to create a report form an input object 1`] = `
Object {
  "numFailedTestSuites": "0",
  "numFailedTests": "0",
  "numPassedTestSuites": "2",
  "numPassedTests": "5",
  "numPendingTestSuites": "0",
  "numPendingTests": "0",
  "numRuntimeErrorTestSuites": "0",
  "numTotalTestSuites": "2",
  "numTotalTests": "5",
  "snapshot": Object {
    "added": "3",
    "didUpdate": "false",
    "failure": "false",
    "filesAdded": "1",
    "filesRemoved": "0",
    "filesUnmatched": "0",
    "filesUpdated": "0",
    "matched": "0",
    "total": "3",
    "unchecked": "0",
    "uncheckedKeys": Array [],
    "unmatched": "0",
    "updated": "0",
  },
  "startTime": "1518610839040",
  "success": "true",
  "testResults": Array [
    Object {
      "console": Array [],
      "failureMessage": "null",
      "leaks": "false",
      "numFailingTests": "0",
      "numPassingTests": "4",
      "numPendingTests": "0",
      "perfStats": Object {
        "end": "1518610841037",
        "start": "1518610839170",
      },
      "skipped": "false",
      "snapshot": Object {
        "added": "3",
        "fileDeleted": "false",
        "matched": "0",
        "unchecked": "0",
        "uncheckedKeys": Array [],
        "unmatched": "0",
        "updated": "0",
      },
      "sourceMaps": Object {},
      "testFilePath": "Work\\\\Dev\\\\node\\\\jest-stare\\\\__tests__\\\\utils\\\\IO.test.ts",
      "testResults": Array [
        Object {
          "ancestorTitles": Array [
            "IO tests",
          ],
          "duration": "3",
          "failureMessages": Array [],
          "fullName": "IO tests should pretend to write to a file",
          "location": "null",
          "numPassingAsserts": "0",
          "status": "passed",
          "title": "should pretend to write to a file",
        },
        Object {
          "ancestorTitles": Array [
            "IO tests",
          ],
          "duration": "1",
          "failureMessages": Array [],
          "fullName": "IO tests should match snapshot with one field",
          "location": "null",
          "numPassingAsserts": "0",
          "status": "passed",
          "title": "should match snapshot with one field",
        },
        Object {
          "ancestorTitles": Array [
            "IO tests",
          ],
          "duration": "1",
          "failureMessages": Array [],
          "fullName": "IO tests should match snapshot with two fields",
          "location": "null",
          "numPassingAsserts": "0",
          "status": "passed",
          "title": "should match snapshot with two fields",
        },
        Object {
          "ancestorTitles": Array [
            "IO tests",
          ],
          "duration": "0",
          "failureMessages": Array [],
          "fullName": "IO tests should match snapshot with three fields",
          "location": "null",
          "numPassingAsserts": "0",
          "status": "passed",
          "title": "should match snapshot with three fields",
        },
      ],
    },
    Object {
      "console": Array [],
      "failureMessage": "null",
      "leaks": "false",
      "numFailingTests": "0",
      "numPassingTests": "1",
      "numPendingTests": "0",
      "perfStats": Object {
        "end": "1518610841123",
        "start": "1518610841057",
      },
      "skipped": "false",
      "snapshot": Object {
        "added": "0",
        "fileDeleted": "false",
        "matched": "0",
        "unchecked": "0",
        "uncheckedKeys": Array [],
        "unmatched": "0",
        "updated": "0",
      },
      "sourceMaps": Object {},
      "testFilePath": "Work\\\\Dev\\\\node\\\\jest-stare\\\\__tests__\\\\reporter\\\\Reporter.test.ts",
      "testResults": Array [
        Object {
          "ancestorTitles": Array [
            "Reporter tests",
          ],
          "duration": "1",
          "failureMessages": Array [],
          "fullName": "Reporter tests should instantiate Reporter class",
          "location": "null",
          "numPassingAsserts": "0",
          "status": "passed",
          "title": "should instantiate Reporter class",
        },
      ],
    },
  ],
  "wasInterrupted": "false",
}
`;
