// Jest Snapshot v1, https://goo.gl/fbAQLP

exports[`Config tests should be able to read a config 1`] = `
Object {
  "additionalResultsProcessors": Array [
    "jest-html-reporter",
    "jestjunit",
    "also-one-that-doesnt-exist",
  ],
  "coverageLink": "../../coverage/lcov-report/index.html",
  "jestStareConfigJson": "jest-stare.json",
  "resultDir": "results/jest-stare//",
  "resultHtml": "index.html",
  "resultJson": "jest-results.json",
}
`;
